{"functions":[{"args":[{"name":"x","type":"int"},{"name":"y","type":"int"}],"instrs":[{"args":["x","y"],"dest":"v","op":"add","type":"int"},{"args":["v"],"op":"print"}],"name":"main"}]}
