{"functions":[{"instrs":[{"dest":"v","op":"const","type":"int","value":4},{"args":["v"],"op":"print"},{"op":"ret"},{"args":["v"],"op":"print"}],"name":"main"}]}
