{"functions":[{"args":[{"name":"cond","type":"bool"}],"instrs":[{"label":"top"},{"dest":"a","op":"const","type":"int","value":5},{"args":["cond"],"labels":["here","there"],"op":"br"},{"label":"here"},{"dest":"b","op":"const","type":"int","value":7},{"label":"there"},{"args":["a","b"],"dest":"c","labels":["top","here"],"op":"phi","type":"int"},{"args":["c"],"op":"print"}],"name":"main"}]}
