{"functions":[{"instrs":[{"dest":"v","op":"const","type":"int","value":4},{"dest":"o1","op":"const","type":"int","value":1},{"args":["v"],"dest":"bp","op":"alloc","type":{"ptr":"bool"}},{"args":["bp","o1"],"dest":"bp2","op":"ptradd","type":{"ptr":"bool"}},{"dest":"b","op":"const","type":"bool","value":true},{"args":["bp","b"],"op":"store"},{"args":["bp2","b"],"op":"store"},{"args":["bp2"],"dest":"b","op":"load","type":"bool"},{"args":["b"],"op":"print"},{"args":["bp"],"op":"free"}],"name":"main"}]}
