{"functions":[{"instrs":[{"dest":"ten","op":"const","type":"int","value":10},{"dest":"zero","op":"const","type":"int","value":0},{"dest":"one","op":"const","type":"int","value":1},{"dest":"neg_one","op":"const","type":"int","value":-1},{"args":["ten"],"dest":"vals","op":"alloc","type":{"ptr":"int"}},{"args":["vals","zero"],"op":"store"},{"args":["vals","one"],"dest":"vals_i","op":"ptradd","type":{"ptr":"int"}},{"args":["vals_i","one"],"op":"store"},{"dest":"i","op":"const","type":"int","value":2},{"args":["i","neg_one"],"dest":"i_minus_one","op":"add","type":"int"},{"args":["i_minus_one","neg_one"],"dest":"i_minus_two","op":"add","type":"int"},{"label":"loop"},{"args":["i","ten"],"dest":"cond","op":"lt","type":"bool"},{"args":["cond"],"labels":["body","done"],"op":"br"},{"label":"body"},{"args":["vals","i"],"dest":"vals_i","op":"ptradd","type":{"ptr":"int"}},{"args":["vals","i_minus_one"],"dest":"vals_i_minus_one","op":"ptradd","type":{"ptr":"int"}},{"args":["vals","i_minus_two"],"dest":"vals_i_minus_two","op":"ptradd","type":{"ptr":"int"}},{"args":["vals_i_minus_one"],"dest":"tmp","op":"load","type":"int"},{"args":["vals_i_minus_two"],"dest":"tmp2","op":"load","type":"int"},{"args":["tmp","tmp2"],"dest":"tmp","op":"add","type":"int"},{"args":["vals_i","tmp"],"op":"store"},{"args":["i","one"],"dest":"i","op":"add","type":"int"},{"args":["i_minus_one","one"],"dest":"i_minus_one","op":"add","type":"int"},{"args":["i_minus_two","one"],"dest":"i_minus_two","op":"add","type":"int"},{"labels":["loop"],"op":"jmp"},{"label":"done"},{"args":["vals","i_minus_one"],"dest":"last","op":"ptradd","type":{"ptr":"int"}},{"args":["last"],"dest":"tmp","op":"load","type":"int"},{"args":["tmp"],"op":"print"},{"args":["vals"],"op":"free"},{"op":"ret"}],"name":"main"}]}
