{"functions":[{"instrs":[{"dest":"v0","op":"const","type":"float","value":9},{"dest":"v1","op":"const","type":"float","value":-20},{"args":["v0","v1"],"dest":"res","op":"fdiv","type":"float"},{"args":["res"],"op":"print"},{"dest":"v2","op":"const","type":"float","value":0.1},{"dest":"v3","op":"const","type":"float","value":0.1},{"args":["v2","v3"],"dest":"add1","op":"fadd","type":"float"},{"args":["add1","v2"],"dest":"dres","op":"fadd","type":"float"},{"args":["dres"],"op":"print"},{"dest":"v4","op":"const","type":"float","value":0.1},{"args":["v4","v4"],"dest":"add2","op":"fadd","type":"float"},{"args":["add2","v4"],"dest":"fres","op":"fadd","type":"float"},{"args":["fres"],"op":"print"}],"name":"main"}]}
