{"functions":[{"instrs":[{"dest":"v","op":"const","type":"int","value":4},{"op":"speculate"},{"dest":"v","op":"const","type":"int","value":2},{"op":"commit"},{"args":["v"],"op":"print"}],"name":"main"}]}
