{"functions":[{"instrs":[{"dest":"v","op":"const","type":"int","value":4},{"op":"speculate"},{"dest":"v","op":"const","type":"int","value":2},{"op":"speculate"},{"dest":"v","op":"const","type":"int","value":7},{"dest":"b1","op":"const","type":"bool","value":false},{"args":["b1"],"labels":["failed1"],"op":"guard"},{"op":"ret"},{"label":"failed1"},{"dest":"y","op":"const","type":"int","value":0},{"dest":"b2","op":"const","type":"bool","value":true},{"args":["b2"],"labels":["failed2"],"op":"guard"},{"op":"commit"},{"args":["v"],"op":"print"},{"args":["y"],"op":"print"},{"op":"ret"},{"label":"failed2"},{"op":"ret"}],"name":"main"}]}
