{"functions":[{"instrs":[{"dest":"v","op":"const","type":"int","value":5},{"args":["v"],"op":"print"}],"name":"main"}]}
