@main(x: int, y: int) {
  v: int = add x y;
  print v;
}
